// Jest Snapshot v1, https://goo.gl/fbAQLP

exports[`SidePanel should render component without crashing 1`] = `
Object {
  "asFragment": [Function],
  "baseElement": <body>
    <div>
      <div
        class="col-lg-2 side-panel"
      >
        <div
          class="side-panel__filter-label"
        >
          <span>
            Filters
          </span>
          <button
            class="side-panel__filter-label-icon"
            type="button"
          >
            +
          </button>
        </div>
        <div
          class="side-panel__filter-container 
          "
        >
          <div
            class="filter-group"
          >
            <div
              class="filter-group__label"
            >
              Species
            </div>
            <button
              class="filter-group__filter inactive"
              type="button"
            >
              Human
            </button>
            <button
              class="filter-group__filter inactive"
              type="button"
            >
              Animal
            </button>
            <button
              class="filter-group__filter inactive"
              type="button"
            >
              Alien
            </button>
          </div>
          <div
            class="filter-group"
          >
            <div
              class="filter-group__label"
            >
              Gender
            </div>
            <button
              class="filter-group__filter inactive"
              type="button"
            >
              Male
            </button>
            <button
              class="filter-group__filter inactive"
              type="button"
            >
              Female
            </button>
            <button
              class="filter-group__filter inactive"
              type="button"
            >
              unknown
            </button>
          </div>
          <div
            class="filter-group"
          >
            <div
              class="filter-group__label"
            >
              Origin
            </div>
            <button
              class="filter-group__filter inactive"
              type="button"
            >
              Earth
            </button>
            <button
              class="filter-group__filter inactive"
              type="button"
            >
              Mars
            </button>
            <button
              class="filter-group__filter inactive"
              type="button"
            >
              unknown
            </button>
          </div>
        </div>
      </div>
    </div>
  </body>,
  "container": <div>
    <div
      class="col-lg-2 side-panel"
    >
      <div
        class="side-panel__filter-label"
      >
        <span>
          Filters
        </span>
        <button
          class="side-panel__filter-label-icon"
          type="button"
        >
          +
        </button>
      </div>
      <div
        class="side-panel__filter-container 
          "
      >
        <div
          class="filter-group"
        >
          <div
            class="filter-group__label"
          >
            Species
          </div>
          <button
            class="filter-group__filter inactive"
            type="button"
          >
            Human
          </button>
          <button
            class="filter-group__filter inactive"
            type="button"
          >
            Animal
          </button>
          <button
            class="filter-group__filter inactive"
            type="button"
          >
            Alien
          </button>
        </div>
        <div
          class="filter-group"
        >
          <div
            class="filter-group__label"
          >
            Gender
          </div>
          <button
            class="filter-group__filter inactive"
            type="button"
          >
            Male
          </button>
          <button
            class="filter-group__filter inactive"
            type="button"
          >
            Female
          </button>
          <button
            class="filter-group__filter inactive"
            type="button"
          >
            unknown
          </button>
        </div>
        <div
          class="filter-group"
        >
          <div
            class="filter-group__label"
          >
            Origin
          </div>
          <button
            class="filter-group__filter inactive"
            type="button"
          >
            Earth
          </button>
          <button
            class="filter-group__filter inactive"
            type="button"
          >
            Mars
          </button>
          <button
            class="filter-group__filter inactive"
            type="button"
          >
            unknown
          </button>
        </div>
      </div>
    </div>
  </div>,
  "debug": [Function],
  "findAllByAltText": [Function],
  "findAllByDisplayValue": [Function],
  "findAllByLabelText": [Function],
  "findAllByPlaceholderText": [Function],
  "findAllByRole": [Function],
  "findAllByTestId": [Function],
  "findAllByText": [Function],
  "findAllByTitle": [Function],
  "findByAltText": [Function],
  "findByDisplayValue": [Function],
  "findByLabelText": [Function],
  "findByPlaceholderText": [Function],
  "findByRole": [Function],
  "findByTestId": [Function],
  "findByText": [Function],
  "findByTitle": [Function],
  "getAllByAltText": [Function],
  "getAllByDisplayValue": [Function],
  "getAllByLabelText": [Function],
  "getAllByPlaceholderText": [Function],
  "getAllByRole": [Function],
  "getAllByTestId": [Function],
  "getAllByText": [Function],
  "getAllByTitle": [Function],
  "getByAltText": [Function],
  "getByDisplayValue": [Function],
  "getByLabelText": [Function],
  "getByPlaceholderText": [Function],
  "getByRole": [Function],
  "getByTestId": [Function],
  "getByText": [Function],
  "getByTitle": [Function],
  "queryAllByAltText": [Function],
  "queryAllByDisplayValue": [Function],
  "queryAllByLabelText": [Function],
  "queryAllByPlaceholderText": [Function],
  "queryAllByRole": [Function],
  "queryAllByTestId": [Function],
  "queryAllByText": [Function],
  "queryAllByTitle": [Function],
  "queryByAltText": [Function],
  "queryByDisplayValue": [Function],
  "queryByLabelText": [Function],
  "queryByPlaceholderText": [Function],
  "queryByRole": [Function],
  "queryByTestId": [Function],
  "queryByText": [Function],
  "queryByTitle": [Function],
  "rerender": [Function],
  "unmount": [Function],
}
`;
