// Jest Snapshot v1, https://goo.gl/fbAQLP

exports[`CharactersList should render component without crashing 1`] = `
Object {
  "asFragment": [Function],
  "baseElement": <body>
    <div>
      <div
        class="character-list"
      >
        <div
          class="character-list__card-container col-6 col-md-3"
        >
          <div
            class="character-card"
          >
            <div
              class="character-card__image"
            >
              <img
                alt="test"
                src="xyz"
              />
              <div
                class="character-card__basic-details"
              >
                <span
                  class="character-card__status character-card__status--alive"
                />
                <span
                  class="character-card__name-id"
                >
                  1
                  . 
                  test
                </span>
              </div>
            </div>
            <div
              class="character-card__info"
            >
              <div
                class="character-card__other-details"
              >
                alive
                 - 
                humanoid
                 - 
                male
              </div>
              <div
                class="character-card__location-details"
              >
                <span
                  class="character-card__location-label"
                >
                  Origin
                </span>
                <span
                  class="character-card__location"
                />
              </div>
            </div>
          </div>
        </div>
        <div
          class="character-list__card-container col-6 col-md-3"
        >
          <div
            class="character-card"
          >
            <div
              class="character-card__image"
            >
              <img
                alt="test"
                src="xyz"
              />
              <div
                class="character-card__basic-details"
              >
                <span
                  class="character-card__status character-card__status--alive"
                />
                <span
                  class="character-card__name-id"
                >
                  2
                  . 
                  test
                </span>
              </div>
            </div>
            <div
              class="character-card__info"
            >
              <div
                class="character-card__other-details"
              >
                alive
                 - 
                humanoid
                 - 
                male
              </div>
              <div
                class="character-card__location-details"
              >
                <span
                  class="character-card__location-label"
                >
                  Origin
                </span>
                <span
                  class="character-card__location"
                />
              </div>
            </div>
          </div>
        </div>
        <div
          class="character-list__card-container col-6 col-md-3"
        >
          <div
            class="character-card"
          >
            <div
              class="character-card__image"
            >
              <img
                alt="test"
                src="xyz"
              />
              <div
                class="character-card__basic-details"
              >
                <span
                  class="character-card__status character-card__status--alive"
                />
                <span
                  class="character-card__name-id"
                >
                  3
                  . 
                  test
                </span>
              </div>
            </div>
            <div
              class="character-card__info"
            >
              <div
                class="character-card__other-details"
              >
                alive
                 - 
                humanoid
                 - 
                male
              </div>
              <div
                class="character-card__location-details"
              >
                <span
                  class="character-card__location-label"
                >
                  Origin
                </span>
                <span
                  class="character-card__location"
                />
              </div>
            </div>
          </div>
        </div>
        <div
          class="character-list__card-container col-6 col-md-3"
        >
          <div
            class="character-card"
          >
            <div
              class="character-card__image"
            >
              <img
                alt="test"
                src="xyz"
              />
              <div
                class="character-card__basic-details"
              >
                <span
                  class="character-card__status character-card__status--alive"
                />
                <span
                  class="character-card__name-id"
                >
                  4
                  . 
                  test
                </span>
              </div>
            </div>
            <div
              class="character-card__info"
            >
              <div
                class="character-card__other-details"
              >
                alive
                 - 
                humanoid
                 - 
                male
              </div>
              <div
                class="character-card__location-details"
              >
                <span
                  class="character-card__location-label"
                >
                  Origin
                </span>
                <span
                  class="character-card__location"
                />
              </div>
            </div>
          </div>
        </div>
      </div>
    </div>
  </body>,
  "container": <div>
    <div
      class="character-list"
    >
      <div
        class="character-list__card-container col-6 col-md-3"
      >
        <div
          class="character-card"
        >
          <div
            class="character-card__image"
          >
            <img
              alt="test"
              src="xyz"
            />
            <div
              class="character-card__basic-details"
            >
              <span
                class="character-card__status character-card__status--alive"
              />
              <span
                class="character-card__name-id"
              >
                1
                . 
                test
              </span>
            </div>
          </div>
          <div
            class="character-card__info"
          >
            <div
              class="character-card__other-details"
            >
              alive
               - 
              humanoid
               - 
              male
            </div>
            <div
              class="character-card__location-details"
            >
              <span
                class="character-card__location-label"
              >
                Origin
              </span>
              <span
                class="character-card__location"
              />
            </div>
          </div>
        </div>
      </div>
      <div
        class="character-list__card-container col-6 col-md-3"
      >
        <div
          class="character-card"
        >
          <div
            class="character-card__image"
          >
            <img
              alt="test"
              src="xyz"
            />
            <div
              class="character-card__basic-details"
            >
              <span
                class="character-card__status character-card__status--alive"
              />
              <span
                class="character-card__name-id"
              >
                2
                . 
                test
              </span>
            </div>
          </div>
          <div
            class="character-card__info"
          >
            <div
              class="character-card__other-details"
            >
              alive
               - 
              humanoid
               - 
              male
            </div>
            <div
              class="character-card__location-details"
            >
              <span
                class="character-card__location-label"
              >
                Origin
              </span>
              <span
                class="character-card__location"
              />
            </div>
          </div>
        </div>
      </div>
      <div
        class="character-list__card-container col-6 col-md-3"
      >
        <div
          class="character-card"
        >
          <div
            class="character-card__image"
          >
            <img
              alt="test"
              src="xyz"
            />
            <div
              class="character-card__basic-details"
            >
              <span
                class="character-card__status character-card__status--alive"
              />
              <span
                class="character-card__name-id"
              >
                3
                . 
                test
              </span>
            </div>
          </div>
          <div
            class="character-card__info"
          >
            <div
              class="character-card__other-details"
            >
              alive
               - 
              humanoid
               - 
              male
            </div>
            <div
              class="character-card__location-details"
            >
              <span
                class="character-card__location-label"
              >
                Origin
              </span>
              <span
                class="character-card__location"
              />
            </div>
          </div>
        </div>
      </div>
      <div
        class="character-list__card-container col-6 col-md-3"
      >
        <div
          class="character-card"
        >
          <div
            class="character-card__image"
          >
            <img
              alt="test"
              src="xyz"
            />
            <div
              class="character-card__basic-details"
            >
              <span
                class="character-card__status character-card__status--alive"
              />
              <span
                class="character-card__name-id"
              >
                4
                . 
                test
              </span>
            </div>
          </div>
          <div
            class="character-card__info"
          >
            <div
              class="character-card__other-details"
            >
              alive
               - 
              humanoid
               - 
              male
            </div>
            <div
              class="character-card__location-details"
            >
              <span
                class="character-card__location-label"
              >
                Origin
              </span>
              <span
                class="character-card__location"
              />
            </div>
          </div>
        </div>
      </div>
    </div>
  </div>,
  "debug": [Function],
  "findAllByAltText": [Function],
  "findAllByDisplayValue": [Function],
  "findAllByLabelText": [Function],
  "findAllByPlaceholderText": [Function],
  "findAllByRole": [Function],
  "findAllByTestId": [Function],
  "findAllByText": [Function],
  "findAllByTitle": [Function],
  "findByAltText": [Function],
  "findByDisplayValue": [Function],
  "findByLabelText": [Function],
  "findByPlaceholderText": [Function],
  "findByRole": [Function],
  "findByTestId": [Function],
  "findByText": [Function],
  "findByTitle": [Function],
  "getAllByAltText": [Function],
  "getAllByDisplayValue": [Function],
  "getAllByLabelText": [Function],
  "getAllByPlaceholderText": [Function],
  "getAllByRole": [Function],
  "getAllByTestId": [Function],
  "getAllByText": [Function],
  "getAllByTitle": [Function],
  "getByAltText": [Function],
  "getByDisplayValue": [Function],
  "getByLabelText": [Function],
  "getByPlaceholderText": [Function],
  "getByRole": [Function],
  "getByTestId": [Function],
  "getByText": [Function],
  "getByTitle": [Function],
  "queryAllByAltText": [Function],
  "queryAllByDisplayValue": [Function],
  "queryAllByLabelText": [Function],
  "queryAllByPlaceholderText": [Function],
  "queryAllByRole": [Function],
  "queryAllByTestId": [Function],
  "queryAllByText": [Function],
  "queryAllByTitle": [Function],
  "queryByAltText": [Function],
  "queryByDisplayValue": [Function],
  "queryByLabelText": [Function],
  "queryByPlaceholderText": [Function],
  "queryByRole": [Function],
  "queryByTestId": [Function],
  "queryByText": [Function],
  "queryByTitle": [Function],
  "rerender": [Function],
  "unmount": [Function],
}
`;
